d:\cpp\musicgame\musicgame\x64\debug\vc143.pdb
d:\cpp\musicgame\musicgame\x64\debug\vc143.idb
d:\cpp\musicgame\musicgame\x64\debug\titlescene.obj
d:\cpp\musicgame\musicgame\x64\debug\settingscene.obj
d:\cpp\musicgame\musicgame\x64\debug\resultscene.obj
d:\cpp\musicgame\musicgame\x64\debug\notes.obj
d:\cpp\musicgame\musicgame\x64\debug\musicselectui.obj
d:\cpp\musicgame\musicgame\x64\debug\main.obj
d:\cpp\musicgame\musicgame\x64\debug\jsonloader.obj
d:\cpp\musicgame\musicgame\x64\debug\musicplayer.obj
d:\cpp\musicgame\musicgame\x64\debug\jsoncreator.obj
d:\cpp\musicgame\musicgame\x64\debug\imgui_widgets.obj
d:\cpp\musicgame\musicgame\x64\debug\imgui_tables.obj
d:\cpp\musicgame\musicgame\x64\debug\imgui_draw.obj
d:\cpp\musicgame\musicgame\x64\debug\imgui_demo.obj
d:\cpp\musicgame\musicgame\x64\debug\imgui.obj
d:\cpp\musicgame\musicgame\x64\debug\imgui_impl_win32.obj
d:\cpp\musicgame\musicgame\x64\debug\imgui_impl_dx9.obj
d:\cpp\musicgame\musicgame\x64\debug\config.obj
d:\cpp\musicgame\musicgame\x64\debug\musicgame.tlog\cl.command.1.tlog
d:\cpp\musicgame\musicgame\x64\debug\musicgame.tlog\cl.read.1.tlog
d:\cpp\musicgame\musicgame\x64\debug\musicgame.tlog\cl.write.1.tlog
